Last login: Mon Sep  9 11:39:35 on ttys000
1016470@1016470-student-FVFMR50J1WFV ~ % git
xcode-select: note: No developer tools were found, requesting install.
If developer tools are located at a non-default location on disk, use `sudo xcode-select --switch path/to/Xcode.app` to specify the Xcode that you wish to use for command line developer tools, and cancel the installation dialog.
See `man xcode-select` for more details.
1016470@1016470-student-FVFMR50J1WFV ~ % ssh-keygen -t rsa
Generating public/private rsa key pair.
Enter file in which to save the key (/Users/1016470/.ssh/id_rsa): 
Created directory '/Users/1016470/.ssh'.
Enter passphrase (empty for no passphrase): 
Enter same passphrase again: 
Your identification has been saved in /Users/1016470/.ssh/id_rsa
Your public key has been saved in /Users/1016470/.ssh/id_rsa.pub
The key fingerprint is:
SHA256:gkbBZdqmzEsoqwJfZxmWu15JEyaZ5qhwLuk3hqZD2X8 1016470@1016470-student-FVFMR50J1WFV
The key's randomart image is:
+---[RSA 3072]----+
|   ...o          |
|    .= o         |
|    o B.o        |
|   = B+o .       |
|o = O.o+S        |
|.X =..=o o       |
|*.+.oo .o        |
|=+.+ ..E         |
|*oo ..o          |
+----[SHA256]-----+
1016470@1016470-student-FVFMR50J1WFV ~ % 
1016470@1016470-student-FVFMR50J1WFV ~ % 
1016470@1016470-student-FVFMR50J1WFV ~ % ~/.ssh
zsh: permission denied: /Users/1016470/.ssh
1016470@1016470-student-FVFMR50J1WFV ~ % ~/.ssh
zsh: permission denied: /Users/1016470/.ssh
1016470@1016470-student-FVFMR50J1WFV ~ % ls ~/.ssh
id_rsa		id_rsa.pub
1016470@1016470-student-FVFMR50J1WFV ~ % ls cat ~/.ssh/id_rsa.pub
ls: cat: No such file or directory
/Users/1016470/.ssh/id_rsa.pub
1016470@1016470-student-FVFMR50J1WFV ~ % cat ~/.ssh/id_rsa.pub
ssh-rsa AAAAB3NzaC1yc2EAAAADAQABAAABgQDOPSxDiMoe15ho7jh/tAvPFq5XXOPh+LOrOVS1PQ7gDe++WibDwD6cJCn3pLTLT4N+BufASdQXvm25bh2WXRYeKFJnMkJEfEFkV5dPWs/tf9ec7JSHCR/5L3L4cwo2hWjNjbOrsX2DGV07LVtW4X94Q06iF/VIAyzxBa2JTBWMRLZwc5r9NbQm/rNrfl1fcQNUrfhhLMpFir2yQjpo984n5/mgnGnZePuOmLQZbcidavX/I+urcEDuecTKE9TIU1kbmkAwJAb72zHz0Fa9lDxckfgeefh97nlqMizJ8W2y3kWGnxVH/99dkWN0dpSalgplvOG3EpL01hqcwqFqTFFdYs1PdcCctWSR+21t+njHfTRocc9FMlbYuk92OnFtbzNykNc9nU1F3jROses33500QzWUReoI11t1+7WpUZTE4VAxMIFt1JBVqYP2Hjf09dgPWS6k+ZTRLLTNDcAqrYZz7XeV4p3sbQ+LSxN3Udd53qNvlVg0GsUaqyqVNc6wCHs= 1016470@1016470-student-FVFMR50J1WFV
1016470@1016470-student-FVFMR50J1WFV ~ % ls cat ~/.ssh/id_rsa
ls: cat: No such file or directory
/Users/1016470/.ssh/id_rsa
1016470@1016470-student-FVFMR50J1WFV ~ % cat ~/.ssh/id_rsa
-----BEGIN OPENSSH PRIVATE KEY-----
b3BlbnNzaC1rZXktdjEAAAAABG5vbmUAAAAEbm9uZQAAAAAAAAABAAABlwAAAAdzc2gtcn
NhAAAAAwEAAQAAAYEAzj0sQ4jKHteYaO44f7QLzxauV1zj4fizqzlUtT0O4A3vvlomw8A+
nCQp96S0y0+DfgbnwEnUF75tuW4dll0WHihSZzJCRHxBZFeXT1rP7X/XnOyUhwkf+S9y+H
MKNoVozY2zq7F9gxldOy1bVuF/eENOohf1SAMs8QWtiUwVjES2cHOa/TW0Jv6za35dX3ED
VK34YSzKRYq9skI6aPfOJ+f5oJxp2Xj7jpi0GW3InWr1/yPrq3BA7nnEyhPUyFNZG5pAMC
QG+9sx89BWvZQ8XJH4Hnn4fe55ajIsyfFtst5Fhp8VR//fXZFjdHaUmpYKZbzhtxKS9NYa
nMKhakxRXWLNT3XAnLVkkfttbfp4x300aHHPRTJW2LpPdjpxbW8zcpDXPZ1NRd40TrHrN9
+dNEM1lEXqCNdbdfu1qVGUxOFQMTCBbdSQVamD9h439PXYD1kupPmU0Sy0zQ3AKq2Gc+13
leKd7G0Pi0sTd1HXed6jb5VYNBrFGqsqlTXOsAh7AAAFoDc0+Ck3NPgpAAAAB3NzaC1yc2
EAAAGBAM49LEOIyh7XmGjuOH+0C88Wrldc4+H4s6s5VLU9DuAN775aJsPAPpwkKfektMtP
g34G58BJ1Be+bbluHZZdFh4oUmcyQkR8QWRXl09az+1/15zslIcJH/kvcvhzCjaFaM2Ns6
uxfYMZXTstW1bhf3hDTqIX9UgDLPEFrYlMFYxEtnBzmv01tCb+s2t+XV9xA1St+GEsykWK
vbJCOmj3zifn+aCcadl4+46YtBltyJ1q9f8j66twQO55xMoT1MhTWRuaQDAkBvvbMfPQVr
2UPFyR+B55+H3ueWoyLMnxbbLeRYafFUf/312RY3R2lJqWCmW84bcSkvTWGpzCoWpMUV1i
zU91wJy1ZJH7bW36eMd9NGhxz0UyVti6T3Y6cW1vM3KQ1z2dTUXeNE6x6zffnTRDNZRF6g
jXW3X7talRlMThUDEwgW3UkFWpg/YeN/T12A9ZLqT5lNEstM0NwCqthnPtd5XinextD4tL
E3dR13neo2+VWDQaxRqrKpU1zrAIewAAAAMBAAEAAAGALB9wSd6JB4IujDxy//dAE4URtY
UdB+pSXg587e1rMkopAXt+EaEeg/9Er0OgnmKbiinmCQCCjLXj+ajyUYoGwlr0Djn1bXt7
7gDDUWnnVDNmqJ8Aw8cS/RfGrBrIk5OFMXzgdJobdSHHDXMNuI+z2sHjn9AqXMa5JbOGRf
puHb1RnstM3GFR8onJTvUQ+utNwB8cJYYUnD4riWib4HsrsuPxRwhPqQQ2JXLMDSiso+kP
Sg+gSuRQL/UDQgxuGJGj+1/MhRw7mYr2vYsakiycT5IHDchzisxBMJ6+Ve64uOCGKFEz84
K2s3B3IxClS1+ibVzZXx0MiD7I/9YDXJ+ZPeOJCjDrK3+wQ4IgE6a+ylLvMxMyIjY9XN3A
gGpKDYM7a2eA3mPPWZ202b1zsufFWU7quQDhMb2vknLvpsuteDyXZWbljkXaBsAfMH5wf0
R6r6E0TUTUD7wMgA+NMdhz7O9sQFH6ElxkI2wVgosTZnzn3Egg3667DsPP5kc2o+EZAAAA
wQDoqDwJW2rtyFwa3WXdtfIeG4a1OeEAkF+ADqt7NCXfTc6gc2SZiaK75osVEV9IpTK0Gq
USS7qU8WPJdhe2y4zopFceZrtoBvC5Zj5MqaEa7toXzuqHVHtmpwb/dcUK+/x8DOuCTaCz
Mi00W0kWR69C1JKBEyLHhHRQkTjxKCiRPPCTU5YCrb7BypJTPRkWAAcVJeY/8wKZKYI/BT
w3ueKsL1xD2LyxzldaWvawnJDkE+4PmwsBsmls+OfQxL4+aswAAADBAO38bS4CvDK/rlpV
g54rbF0aUjKRxhBvK33DBfoSCYC5cxQPtDNecMwY2pa4eQJzldf91V1iqpf6PM22QoJS34
R9zXlahH+PiBh0LUGEQbFf1b9py+spW5MYOcNLXpFFTW1ybo+x04kzOn+pxJT6MaTm/6BV
vFangGIKbrY9UGGueqlB04o/2nuLvGRgVRAnSYc0vcYFEp0hVD+dvUbiA0gOp++ghFrBk/
u2gFc4/vi8KTOVNNiDrtq/TkjGzzAFHwAAAMEA3dmRQwGjMk0576l0UgSoHlFZWXv5VFKg
YWXzQaOjYIP3L6etGGEx+/ykMHBEF0TELaXNRLy2lcz/7BjbFnFLekQEWeVPtzbYhv7xC9
GzGH5LLbBn5JKMKwwDSqC8pdcGdBN3mS8p9WU9HnfiRUbzlUVjJMlW5M0b6SdpR7NULrkY
IzIgVD7fXEb4sPO2RplQ+yKic69gZZh0eGcraoLnOExEMnEEQWEpguewFwMQh2jywRFC92
VNG17bjF9HdFUlAAAAJDEwMTY0NzBAMTAxNjQ3MC1zdHVkZW50LUZWRk1SNTBKMVdGVgEC
AwQFBg==
-----END OPENSSH PRIVATE KEY-----
1016470@1016470-student-FVFMR50J1WFV ~ % cd desktop
1016470@1016470-student-FVFMR50J1WFV desktop % mkdir website
1016470@1016470-student-FVFMR50J1WFV desktop % cd website
1016470@1016470-student-FVFMR50J1WFV website % git config --global user.name "Lan-Madeleine Do"
1016470@1016470-student-FVFMR50J1WFV website % "git config --global user.email "madsfemaledeer@gmail.com"
dquote> pwd
dquote> echo "# cworst.github.io" >> README.md
git init
git add README.md
git commit -m "first commit"
git branch -M main
git remote add origin git@github.com:cworst/cworst.github.io.git
git push -u origin main
dquote> 
1016470@1016470-student-FVFMR50J1WFV website % git config --global user.email "madsfemaledeer@gmail.com"
1016470@1016470-student-FVFMR50J1WFV website % pwd
/Users/1016470/desktop/website
1016470@1016470-student-FVFMR50J1WFV website % echo "# cworst.github.io" >> README.md
git init
git add README.md
git commit -m "first commit"
git branch -M main
git remote add origin git@github.com:cworst/cworst.github.io.git
git push -u origin main
Initialized empty Git repository in /Users/1016470/Desktop/website/.git/
[main (root-commit) 4f3bff9] first commit
 1 file changed, 1 insertion(+)
 create mode 100644 README.md
The authenticity of host 'github.com (140.82.113.3)' can't be established.
ED25519 key fingerprint is SHA256:+DiY3wvvV6TuJJhbpZisF/zLDA0zPMSvHdkr4UvCOqU.
This key is not known by any other names.
Are you sure you want to continue connecting (yes/no/[fingerprint])? yes
Warning: Permanently added 'github.com' (ED25519) to the list of known hosts.
Enumerating objects: 3, done.
Counting objects: 100% (3/3), done.
Writing objects: 100% (3/3), 239 bytes | 239.00 KiB/s, done.
Total 3 (delta 0), reused 0 (delta 0), pack-reused 0
To github.com:cworst/cworst.github.io.git
 * [new branch]      main -> main
branch 'main' set up to track 'origin/main'.
1016470@1016470-student-FVFMR50J1WFV website % echo "Welcome to my website" > index.html
1016470@1016470-student-FVFMR50J1WFV website % ls
README.md	index.html
1016470@1016470-student-FVFMR50J1WFV website % git add index.html
1016470@1016470-student-FVFMR50J1WFV website % git commit -m "adding an index"
[main 6315330] adding an index
 1 file changed, 1 insertion(+)
 create mode 100644 index.html
1016470@1016470-student-FVFMR50J1WFV website % git push
Enumerating objects: 4, done.
Counting objects: 100% (4/4), done.
Delta compression using up to 8 threads
Compressing objects: 100% (2/2), done.
Writing objects: 100% (3/3), 313 bytes | 313.00 KiB/s, done.
Total 3 (delta 0), reused 0 (delta 0), pack-reused 0
To github.com:cworst/cworst.github.io.git
   4f3bff9..6315330  main -> main
1016470@1016470-student-FVFMR50J1WFV website % 
