Last login: Fri Sep 13 11:36:57 on ttys000
1016470@1016470-student-FVFMR50J1WFV ~ % ls  
Applications		Library			Public
Desktop			Movies			cworst.github.io
Documents		Music
Downloads		Pictures
1016470@1016470-student-FVFMR50J1WFV ~ % cd desktop
1016470@1016470-student-FVFMR50J1WFV desktop % cd website
1016470@1016470-student-FVFMR50J1WFV website % ls
Preview attachment quiz 9-9quiz 9-95.3 KB.webloc
README.md
index.html
quiz
1016470@1016470-student-FVFMR50J1WFV website % vim index.html
1016470@1016470-student-FVFMR50J1WFV website % git status
On branch main
Your branch is up to date with 'origin/main'.

Changes not staged for commit:
  (use "git add <file>..." to update what will be committed)
  (use "git restore <file>..." to discard changes in working directory)
	modified:   index.html

Untracked files:
  (use "git add <file>..." to include in what will be committed)
	.DS_Store
	Preview attachment quiz 9-9quiz 9-95.3 KB.webloc
	quiz/

no changes added to commit (use "git add" and/or "git commit -a")
1016470@1016470-student-FVFMR50J1WFV website % git add index.html
1016470@1016470-student-FVFMR50J1WFV website % Git commit -m “I used vim”
error: pathspec 'used' did not match any file(s) known to git
error: pathspec 'vim”' did not match any file(s) known to git
1016470@1016470-student-FVFMR50J1WFV website % git status
On branch main
Your branch is up to date with 'origin/main'.

Changes to be committed:
  (use "git restore --staged <file>..." to unstage)
	modified:   index.html

Untracked files:
  (use "git add <file>..." to include in what will be committed)
	.DS_Store
	Preview attachment quiz 9-9quiz 9-95.3 KB.webloc
	quiz/

1016470@1016470-student-FVFMR50J1WFV website % git push
Everything up-to-date
1016470@1016470-student-FVFMR50J1WFV website % ls
Preview attachment quiz 9-9quiz 9-95.3 KB.webloc
README.md
index.html
quiz
1016470@1016470-student-FVFMR50J1WFV website % git index.html
git: 'index.html' is not a git command. See 'git --help'.
1016470@1016470-student-FVFMR50J1WFV website % cd index.html
cd: not a directory: index.html
1016470@1016470-student-FVFMR50J1WFV website % git status
On branch main
Your branch is up to date with 'origin/main'.

Changes to be committed:
  (use "git restore --staged <file>..." to unstage)
	modified:   index.html

Untracked files:
  (use "git add <file>..." to include in what will be committed)
	.DS_Store
	Preview attachment quiz 9-9quiz 9-95.3 KB.webloc
	quiz/

1016470@1016470-student-FVFMR50J1WFV website % git commit -m “I used vim”
error: pathspec 'used' did not match any file(s) known to git
error: pathspec 'vim”' did not match any file(s) known to git
1016470@1016470-student-FVFMR50J1WFV website % git add index.html
1016470@1016470-student-FVFMR50J1WFV website % git commit -m “I used vim”
error: pathspec 'used' did not match any file(s) known to git
error: pathspec 'vim”' did not match any file(s) known to git
1016470@1016470-student-FVFMR50J1WFV website % git push
Everything up-to-date
1016470@1016470-student-FVFMR50J1WFV website % git status
On branch main
Your branch is up to date with 'origin/main'.

Changes to be committed:
  (use "git restore --staged <file>..." to unstage)
	modified:   index.html

Untracked files:
  (use "git add <file>..." to include in what will be committed)
	.DS_Store
	Preview attachment quiz 9-9quiz 9-95.3 KB.webloc
	quiz/

1016470@1016470-student-FVFMR50J1WFV website % git commit -m "I used vim" 
[main 870325d] I used vim
 1 file changed, 1 insertion(+), 1 deletion(-)
1016470@1016470-student-FVFMR50J1WFV website % git push
Enumerating objects: 5, done.
Counting objects: 100% (5/5), done.
Delta compression using up to 8 threads
Compressing objects: 100% (3/3), done.
Writing objects: 100% (3/3), 352 bytes | 352.00 KiB/s, done.
Total 3 (delta 0), reused 0 (delta 0), pack-reused 0
To github.com:cworst/cworst.github.io.git
   0bcbc5e..870325d  main -> main
1016470@1016470-student-FVFMR50J1WFV website % git status
On branch main
Your branch is up to date with 'origin/main'.

Untracked files:
  (use "git add <file>..." to include in what will be committed)
	.DS_Store
	Preview attachment quiz 9-9quiz 9-95.3 KB.webloc
	quiz/

nothing added to commit but untracked files present (use "git add" to track)
1016470@1016470-student-FVFMR50J1WFV website % 
